// Jest Snapshot v1, https://goo.gl/fbAQLP

exports[`Splash page should match it's snapshot 1`] = `
<a
  href="/game"
>
  <button
    type="button"
  >
    Click Me!
  </button>
</a>
`;
