// Jest Snapshot v1, https://goo.gl/fbAQLP

exports[`InputValueButton should match it's snapshot 1`] = `
<div
  class="sc-jSgvzq fSvjMU"
/>
`;
