// Jest Snapshot v1, https://goo.gl/fbAQLP

exports[`InputValueButton should match it's snapshot 1`] = `
<button
  class="sc-gKseQn jogueL"
  disabled=""
>
  <svg
    style="top: -3px;"
  >
    erase.svg
  </svg>
   Erase mistakes
</button>
`;
