// Jest Snapshot v1, https://goo.gl/fbAQLP

exports[`InputValueButton should match it's snapshot 1`] = `
<button
  class="sc-gKseQn hFABYf"
>
  1
</button>
`;
