// Jest Snapshot v1, https://goo.gl/fbAQLP

exports[`MistakesLimit should match it's snapshot 1`] = `
<label
  for="mistakes-limit"
>
  Allowed Mistakes:
</label>
`;

exports[`mistakesLimit should match it's snapshot 1`] = `
<label
  for="mistakes-limit"
>
  Allowed Mistakes:
</label>
`;
