// Jest Snapshot v1, https://goo.gl/fbAQLP

exports[`Numbers should match it's snapshot 1`] = `
<div
  class="sc-iBPTik kafkLt"
>
  <button
    class="sc-gKseQn cjqTfh"
  >
    1
  </button>
  <button
    class="sc-gKseQn cjqTfh"
  >
    2
  </button>
  <button
    class="sc-gKseQn cjqTfh"
  >
    3
  </button>
  <button
    class="sc-gKseQn cjqTfh"
  >
    4
  </button>
  <button
    class="sc-gKseQn cjqTfh"
  >
    5
  </button>
  <button
    class="sc-gKseQn cjqTfh"
  >
    6
  </button>
  <button
    class="sc-gKseQn cjqTfh"
  >
    7
  </button>
  <button
    class="sc-gKseQn cjqTfh"
  >
    8
  </button>
  <button
    class="sc-gKseQn cjqTfh"
  >
    9
  </button>
</div>
`;
