// Jest Snapshot v1, https://goo.gl/fbAQLP

exports[`ResetGameButton should match it's snapshot 1`] = `
.c0 {
  -webkit-align-items: center;
  -webkit-box-align: center;
  -ms-flex-align: center;
  align-items: center;
  background-color: #282c34;
  border: 2px solid #282c34;
  border-radius: 4px;
  color: white;
  cursor: pointer;
  display: -webkit-box;
  display: -webkit-flex;
  display: -ms-flexbox;
  display: flex;
  -webkit-flex: 1;
  -ms-flex: 1;
  flex: 1;
  font-size: 16px;
  height: 40px;
  -webkit-box-pack: center;
  -webkit-justify-content: center;
  -ms-flex-pack: center;
  justify-content: center;
  margin: 4px 2px;
  min-height: 40px;
  padding: 0;
  -webkit-transition: 0.3s;
  transition: 0.3s;
  opacity: .9;
}

.c0:disabled {
  opacity: .7;
  cursor: default;
}

.c0:focus {
  border-color: #EDDA74;
  outline: none;
}

.c0:hover {
  opacity: .7;
}

.c0 > svg {
  margin-right: 10px;
  fill: white;
  position: relative;
  width: 24px;
  height: 24px;
}

<button
  class="c0"
  data-testid="reset-button"
>
  <svg>
    reload.svg
  </svg>
   New Game
</button>
`;
