// Jest Snapshot v1, https://goo.gl/fbAQLP

exports[`ToggleHighlighting should match it's snapshot 1`] = `
<label
  for="highlight-toggle"
>
  Enable Highlighting:
  <input
    checked=""
    name="highlight-toggle"
    type="checkbox"
  />
</label>
`;
