// Jest Snapshot v1, https://goo.gl/fbAQLP

exports[`ToggleTheme should match it's snapshot 1`] = `
<label
  for="theme-toggle"
>
  Dark mode: 
  <input
    name="theme-toggle"
    type="checkbox"
  />
</label>
`;
