// Jest Snapshot v1, https://goo.gl/fbAQLP

exports[`ThemeProvider should match it's snapshot 1`] = `null`;
