// Jest Snapshot v1, https://goo.gl/fbAQLP

exports[`App renders with light mode as default 1`] = `
.c1 {
  color: 'white';
  margin-top: 0;
  text-align: center;
}

.c0 {
  max-width: 500px;
  -webkit-flex: 1;
  -ms-flex: 1;
  flex: 1;
  -webkit-flex-direction: column;
  -ms-flex-direction: column;
  flex-direction: column;
  -webkit-box-pack: center;
  -webkit-justify-content: center;
  -ms-flex-pack: center;
  justify-content: center;
}

.c2 {
  background-color: white;
  border-radius: 15px;
  display: -webkit-box;
  display: -webkit-flex;
  display: -ms-flexbox;
  display: flex;
  -webkit-flex: 1;
  -ms-flex: 1;
  flex: 1;
  -webkit-flex-direction: column;
  -ms-flex-direction: column;
  flex-direction: column;
  max-height: -webkit-fit-content;
  max-height: -moz-fit-content;
  max-height: fit-content;
  padding: 15px;
}

.c3 {
  -webkit-align-items: center;
  -webkit-box-align: center;
  -ms-flex-align: center;
  align-items: center;
  background-color: #282c34;
  border: 2px solid #282c34;
  border-radius: 4px;
  color: white;
  cursor: pointer;
  display: -webkit-box;
  display: -webkit-flex;
  display: -ms-flexbox;
  display: flex;
  -webkit-flex: 1;
  -ms-flex: 1;
  flex: 1;
  font-size: 16px;
  height: 40px;
  -webkit-box-pack: center;
  -webkit-justify-content: center;
  -ms-flex-pack: center;
  justify-content: center;
  margin: 4px 2px;
  min-height: 40px;
  padding: 0;
  -webkit-transition: 0.3s;
  transition: 0.3s;
  opacity: .9;
}

.c3:disabled {
  opacity: .7;
  cursor: default;
}

.c3:focus {
  border-color: #EDDA74;
  outline: none;
}

.c3:hover {
  opacity: .7;
}

.c3 > svg {
  margin-right: 10px;
  fill: white;
  position: relative;
  width: 24px;
  height: 24px;
}

<div
  class="c0"
>
  <ul>
    <li>
      <a
        href="/"
      >
        Start
      </a>
    </li>
    <li>
      <a
        href="/settings"
      >
        Settings
      </a>
    </li>
  </ul>
  <h1
    class="c1"
  >
    Sudoku
  </h1>
  <div
    class="c2"
  >
    <label
      for="mistakes-limit"
    >
      Allowed Mistakes:
    </label>
    <select
      id="mistakes-limit"
      name="mistakes-limit"
    >
      <option
        value="2"
      >
        Hard: 2
      </option>
      <option
        value="3"
      >
        Medium: 3
      </option>
      <option
        selected=""
        value="5"
      >
        Easy: 5
      </option>
    </select>
    <a
      href="/game"
    >
      <button
        class="c3"
      >
        Todo!
      </button>
    </a>
  </div>
</div>
`;
